<!DOCTYPE html>
<html>
  <head>
    <title>.Node.Title</title>
  </head>
  <body>
  <h1>Title</h1>
  
  Story
  Story1
   <a href=localhost:8080/bb>aa</a>
  </body>
</html>
